  Main.cpp
A:\cpp\projects\MangaDownloader\Main.cpp(3,10): warning C4067: unexpected tokens following preprocessor directive - expected a newline
A:\cpp\projects\MangaDownloader\util\FileHandler.h(121,12): warning C4244: 'initializing': conversion from 'std::streamoff' to 'int', possible loss of data
  (compiling source file 'Main.cpp')
  
A:\cpp\projects\MangaDownloader\libs\cmdParser.h(29,11): warning C4200: nonstandard extension used: zero-sized array in struct/union
  (compiling source file 'Main.cpp')
      A:\cpp\projects\MangaDownloader\libs\cmdParser.h(29,11):
      This member will be ignored by a defaulted constructor or copy/move assignment operator
  
  MangaDex.cpp
A:\cpp\projects\MangaDownloader\util\FileHandler.h(121,12): warning C4244: 'initializing': conversion from 'std::streamoff' to 'int', possible loss of data
  (compiling source file 'MangaDex.cpp')
  
A:\cpp\projects\MangaDownloader\libs\cmdParser.h(29,11): warning C4200: nonstandard extension used: zero-sized array in struct/union
  (compiling source file 'MangaDex.cpp')
      A:\cpp\projects\MangaDownloader\libs\cmdParser.h(29,11):
      This member will be ignored by a defaulted constructor or copy/move assignment operator
  
A:\cpp\projects\MangaDownloader\MangaDex.cpp(169,15): warning C4244: 'initializing': conversion from 'T' to 'int', possible loss of data
A:\cpp\projects\MangaDownloader\MangaDex.cpp(169,15): warning C4244:         with
A:\cpp\projects\MangaDownloader\MangaDex.cpp(169,15): warning C4244:         [
A:\cpp\projects\MangaDownloader\MangaDex.cpp(169,15): warning C4244:             T=int64_t
A:\cpp\projects\MangaDownloader\MangaDex.cpp(169,15): warning C4244:         ]
A:\cpp\projects\MangaDownloader\MangaDex.cpp(295,46): warning C4553: '==': result of expression not used; did you intend '='?
A:\cpp\projects\MangaDownloader\MangaDex.cpp(449,13): warning C4244: 'initializing': conversion from 'T' to 'long', possible loss of data
A:\cpp\projects\MangaDownloader\MangaDex.cpp(449,13): warning C4244:         with
A:\cpp\projects\MangaDownloader\MangaDex.cpp(449,13): warning C4244:         [
A:\cpp\projects\MangaDownloader\MangaDex.cpp(449,13): warning C4244:             T=int64_t
A:\cpp\projects\MangaDownloader\MangaDex.cpp(449,13): warning C4244:         ]
A:\cpp\projects\MangaDownloader\MangaDex.cpp(665,13): warning C4244: 'initializing': conversion from 'T' to 'long', possible loss of data
A:\cpp\projects\MangaDownloader\MangaDex.cpp(665,13): warning C4244:         with
A:\cpp\projects\MangaDownloader\MangaDex.cpp(665,13): warning C4244:         [
A:\cpp\projects\MangaDownloader\MangaDex.cpp(665,13): warning C4244:             T=int64_t
A:\cpp\projects\MangaDownloader\MangaDex.cpp(665,13): warning C4244:         ]
  Generating Code...
  MangaDownloader.vcxproj -> A:\cpp\projects\MangaDownloader\x64\Debug\MangaDownloader.exe
  'pwsh.exe' is not recognized as an internal or external command,
  operable program or batch file.
